mode: set
auth-service/internal/handlers/auth_handler.go:19.67,23.2 1 1
auth-service/internal/handlers/auth_handler.go:37.48,39.47 2 1
auth-service/internal/handlers/auth_handler.go:39.47,42.3 2 1
auth-service/internal/handlers/auth_handler.go:44.2,45.16 2 1
auth-service/internal/handlers/auth_handler.go:45.16,47.34 1 1
auth-service/internal/handlers/auth_handler.go:47.34,50.4 2 1
auth-service/internal/handlers/auth_handler.go:51.3,52.9 2 0
auth-service/internal/handlers/auth_handler.go:55.2,61.79 2 1
auth-service/internal/handlers/auth_handler.go:76.45,78.47 2 1
auth-service/internal/handlers/auth_handler.go:78.47,81.3 2 1
auth-service/internal/handlers/auth_handler.go:83.2,84.16 2 1
auth-service/internal/handlers/auth_handler.go:84.16,87.3 2 1
auth-service/internal/handlers/auth_handler.go:89.2,89.67 1 1
auth-service/internal/handlers/auth_handler.go:104.52,106.47 2 1
auth-service/internal/handlers/auth_handler.go:106.47,109.3 2 1
auth-service/internal/handlers/auth_handler.go:111.2,112.16 2 1
auth-service/internal/handlers/auth_handler.go:112.16,115.3 2 1
auth-service/internal/handlers/auth_handler.go:117.2,117.81 1 1
auth-service/internal/handlers/auth_handler.go:133.46,135.47 2 1
auth-service/internal/handlers/auth_handler.go:135.47,138.3 2 1
auth-service/internal/handlers/auth_handler.go:140.2,140.62 1 1
auth-service/internal/handlers/auth_handler.go:140.62,143.3 2 1
auth-service/internal/handlers/auth_handler.go:145.2,145.72 1 1
auth-service/internal/handlers/auth_handler.go:159.53,161.47 2 1
auth-service/internal/handlers/auth_handler.go:161.47,164.3 2 1
auth-service/internal/handlers/auth_handler.go:166.2,167.16 2 1
auth-service/internal/handlers/auth_handler.go:167.16,170.3 2 1
auth-service/internal/handlers/auth_handler.go:173.2,185.68 2 1
auth-service/internal/handlers/auth_handler.go:198.51,200.47 2 1
auth-service/internal/handlers/auth_handler.go:200.47,203.3 2 1
auth-service/internal/handlers/auth_handler.go:205.2,212.79 4 1
auth-service/internal/handlers/auth_handler.go:226.50,228.13 2 1
auth-service/internal/handlers/auth_handler.go:228.13,231.3 2 1
auth-service/internal/handlers/auth_handler.go:233.2,234.16 2 1
auth-service/internal/handlers/auth_handler.go:234.16,237.3 2 1
auth-service/internal/handlers/auth_handler.go:239.2,239.86 1 1
auth-service/internal/handlers/auth_handler.go:249.46,253.2 1 1
auth-service/internal/middleware/auth_middelware.go:13.70,14.30 1 1
auth-service/internal/middleware/auth_middelware.go:14.30,16.23 2 1
auth-service/internal/middleware/auth_middelware.go:16.23,20.4 3 1
auth-service/internal/middleware/auth_middelware.go:23.3,24.46 2 1
auth-service/internal/middleware/auth_middelware.go:24.46,28.4 3 1
auth-service/internal/middleware/auth_middelware.go:30.3,34.17 3 1
auth-service/internal/middleware/auth_middelware.go:34.17,38.4 3 1
auth-service/internal/middleware/auth_middelware.go:41.3,41.51 1 1
auth-service/internal/middleware/auth_middelware.go:41.51,45.4 3 0
auth-service/internal/middleware/auth_middelware.go:48.3,53.25 4 1
auth-service/internal/middleware/auth_middelware.go:53.25,55.4 1 1
auth-service/internal/middleware/auth_middelware.go:56.3,58.11 2 1
auth-service/internal/middleware/auth_middelware.go:63.47,64.30 1 1
auth-service/internal/middleware/auth_middelware.go:64.30,66.14 2 1
auth-service/internal/middleware/auth_middelware.go:66.14,70.4 3 1
auth-service/internal/middleware/auth_middelware.go:72.3,73.10 2 1
auth-service/internal/middleware/auth_middelware.go:73.10,77.4 3 1
auth-service/internal/middleware/auth_middelware.go:79.3,80.31 2 1
auth-service/internal/middleware/auth_middelware.go:80.31,81.17 1 1
auth-service/internal/middleware/auth_middelware.go:81.17,83.10 2 1
auth-service/internal/middleware/auth_middelware.go:87.3,87.15 1 1
auth-service/internal/middleware/auth_middelware.go:87.15,91.4 3 1
auth-service/internal/middleware/auth_middelware.go:93.3,93.11 1 1
auth-service/internal/repository/token_store.go:46.33,52.2 1 1
auth-service/internal/repository/token_store.go:55.118,59.42 3 1
auth-service/internal/repository/token_store.go:59.42,61.3 1 1
auth-service/internal/repository/token_store.go:63.2,63.37 1 1
auth-service/internal/repository/token_store.go:63.37,65.3 1 1
auth-service/internal/repository/token_store.go:68.2,68.18 1 1
auth-service/internal/repository/token_store.go:68.18,70.3 1 1
auth-service/internal/repository/token_store.go:72.2,80.18 3 1
auth-service/internal/repository/token_store.go:84.82,89.13 4 1
auth-service/internal/repository/token_store.go:89.13,91.3 1 1
auth-service/internal/repository/token_store.go:93.2,93.18 1 1
auth-service/internal/repository/token_store.go:97.80,101.32 3 1
auth-service/internal/repository/token_store.go:101.32,102.24 1 1
auth-service/internal/repository/token_store.go:102.24,104.4 1 1
auth-service/internal/repository/token_store.go:107.2,107.37 1 1
auth-service/internal/repository/token_store.go:111.105,129.21 8 1
auth-service/internal/repository/token_store.go:129.21,133.3 3 1
auth-service/internal/repository/token_store.go:135.2,135.12 1 1
auth-service/internal/repository/token_store.go:139.89,147.13 6 1
auth-service/internal/repository/token_store.go:147.13,149.3 1 1
auth-service/internal/repository/token_store.go:152.2,152.44 1 1
auth-service/internal/repository/token_store.go:152.44,154.3 1 0
auth-service/internal/repository/token_store.go:156.2,156.25 1 1
auth-service/internal/repository/token_store.go:160.77,168.13 6 1
auth-service/internal/repository/token_store.go:168.13,170.3 1 1
auth-service/internal/repository/token_store.go:172.2,176.34 3 1
auth-service/internal/repository/token_store.go:176.34,177.22 1 1
auth-service/internal/repository/token_store.go:177.22,179.9 2 1
auth-service/internal/repository/token_store.go:183.2,183.12 1 1
auth-service/internal/repository/token_store.go:187.72,192.13 4 1
auth-service/internal/repository/token_store.go:192.13,194.3 1 0
auth-service/internal/repository/token_store.go:196.2,196.34 1 1
auth-service/internal/repository/token_store.go:196.34,198.3 1 1
auth-service/internal/repository/token_store.go:200.2,201.12 2 1
auth-service/internal/repository/token_store.go:205.52,210.42 4 1
auth-service/internal/repository/token_store.go:210.42,211.32 1 1
auth-service/internal/repository/token_store.go:211.32,215.37 3 1
auth-service/internal/repository/token_store.go:215.37,216.25 1 1
auth-service/internal/repository/token_store.go:216.25,218.11 2 1
auth-service/internal/repository/token_store.go:226.57,234.2 3 1
auth-service/internal/repository/token_store.go:237.53,238.20 1 1
auth-service/internal/repository/token_store.go:238.20,240.3 1 1
auth-service/internal/repository/token_store.go:241.2,243.12 3 1
auth-service/internal/repository/token_store.go:243.12,245.7 2 1
auth-service/internal/repository/token_store.go:245.7,246.11 1 1
auth-service/internal/repository/token_store.go:247.20,248.28 1 0
auth-service/internal/repository/token_store.go:249.19,250.11 1 0
auth-service/internal/repository/token_store.go:257.39,258.20 1 1
auth-service/internal/repository/token_store.go:258.20,260.3 1 1
auth-service/internal/repository/token_store.go:261.2,262.15 2 1
auth-service/internal/services/jwt_service.go:28.84,33.2 1 1
auth-service/internal/services/jwt_service.go:36.101,39.16 2 1
auth-service/internal/services/jwt_service.go:39.16,41.3 1 0
auth-service/internal/services/jwt_service.go:44.2,45.16 2 1
auth-service/internal/services/jwt_service.go:45.16,47.3 1 1
auth-service/internal/services/jwt_service.go:49.2,49.18 1 1
auth-service/internal/services/jwt_service.go:53.83,56.16 2 1
auth-service/internal/services/jwt_service.go:56.16,58.3 1 1
auth-service/internal/services/jwt_service.go:64.2,64.34 1 1
auth-service/internal/services/jwt_service.go:68.90,71.16 2 1
auth-service/internal/services/jwt_service.go:71.16,73.3 1 0
auth-service/internal/services/jwt_service.go:76.2,77.16 2 1
auth-service/internal/services/jwt_service.go:77.16,79.3 1 0
auth-service/internal/services/jwt_service.go:82.2,82.116 1 1
auth-service/internal/services/jwt_service.go:82.116,84.3 1 1
auth-service/internal/services/jwt_service.go:86.2,91.8 1 1
auth-service/internal/services/jwt_service.go:95.113,100.25 3 1
auth-service/internal/services/jwt_service.go:100.25,102.40 2 1
auth-service/internal/services/jwt_service.go:102.40,104.4 1 1
auth-service/internal/services/jwt_service.go:107.2,122.48 3 1
auth-service/internal/services/jwt_service.go:126.86,127.117 1 1
auth-service/internal/services/jwt_service.go:127.117,128.58 1 1
auth-service/internal/services/jwt_service.go:128.58,130.4 1 0
auth-service/internal/services/jwt_service.go:131.3,131.34 1 1
auth-service/internal/services/jwt_service.go:134.2,134.16 1 1
auth-service/internal/services/jwt_service.go:134.16,136.3 1 1
auth-service/internal/services/jwt_service.go:138.2,138.74 1 1
auth-service/internal/services/jwt_service.go:138.74,140.3 1 1
auth-service/internal/services/jwt_service.go:142.2,142.37 1 0
auth-service/internal/services/jwt_service.go:146.93,149.16 2 1
auth-service/internal/services/jwt_service.go:149.16,151.3 1 1
auth-service/internal/services/jwt_service.go:154.2,154.42 1 1
auth-service/internal/services/jwt_service.go:154.42,156.3 1 1
auth-service/internal/services/jwt_service.go:159.2,160.16 2 1
auth-service/internal/services/jwt_service.go:160.16,162.3 1 1
auth-service/internal/services/jwt_service.go:164.2,164.29 1 1
auth-service/internal/services/jwt_service.go:164.29,166.3 1 0
auth-service/internal/services/jwt_service.go:169.2,170.16 2 1
auth-service/internal/services/jwt_service.go:170.16,172.3 1 0
auth-service/internal/services/jwt_service.go:175.2,178.34 2 1
auth-service/internal/services/jwt_service.go:182.56,184.2 1 1
auth-service/internal/services/jwt_service.go:187.53,189.2 1 1
auth-service/internal/services/jwt_service.go:192.81,194.16 2 1
auth-service/internal/services/jwt_service.go:194.16,196.3 1 1
auth-service/internal/services/jwt_service.go:198.2,202.8 1 1
auth-service/internal/utils/password.go:6.52,9.2 2 1
auth-service/internal/utils/password.go:12.52,15.2 2 1
auth-service/internal/utils/response.go:11.81,19.2 2 1
auth-service/internal/utils/response.go:22.77,30.2 2 1
auth-service/internal/utils/response.go:33.81,41.2 2 1
