mode: set
auth-service/internal/config/config.go:21.63,23.16 2 1
auth-service/internal/config/config.go:23.16,25.3 1 1
auth-service/internal/config/config.go:26.2,26.15 1 1
auth-service/internal/config/config.go:29.27,39.54 2 1
auth-service/internal/config/config.go:39.54,41.52 1 1
auth-service/internal/config/config.go:41.52,43.4 1 1
auth-service/internal/config/config.go:43.9,45.4 1 1
auth-service/internal/config/config.go:46.8,48.3 1 1
auth-service/internal/config/config.go:49.2,49.55 1 1
auth-service/internal/config/config.go:49.55,51.55 1 1
auth-service/internal/config/config.go:51.55,53.4 1 1
auth-service/internal/config/config.go:53.9,55.4 1 1
auth-service/internal/config/config.go:56.8,58.3 1 1
auth-service/internal/config/config.go:60.2,62.26 2 1
auth-service/internal/config/config.go:62.26,64.3 1 1
auth-service/internal/config/config.go:65.2,65.26 1 1
auth-service/internal/config/config.go:65.26,67.3 1 1
auth-service/internal/config/config.go:68.2,68.12 1 1
auth-service/internal/handlers/auth_handler.go:20.67,24.2 1 1
auth-service/internal/handlers/auth_handler.go:38.45,40.47 2 1
auth-service/internal/handlers/auth_handler.go:40.47,43.3 2 1
auth-service/internal/handlers/auth_handler.go:45.2,46.16 2 1
auth-service/internal/handlers/auth_handler.go:46.16,49.3 2 0
auth-service/internal/handlers/auth_handler.go:51.2,51.67 1 1
auth-service/internal/handlers/auth_handler.go:66.52,68.47 2 1
auth-service/internal/handlers/auth_handler.go:68.47,71.3 2 1
auth-service/internal/handlers/auth_handler.go:73.2,74.16 2 1
auth-service/internal/handlers/auth_handler.go:74.16,78.3 3 1
auth-service/internal/handlers/auth_handler.go:80.2,80.81 1 1
auth-service/internal/handlers/auth_handler.go:94.53,96.47 2 1
auth-service/internal/handlers/auth_handler.go:96.47,99.3 2 1
auth-service/internal/handlers/auth_handler.go:101.2,103.33 3 1
auth-service/internal/handlers/auth_handler.go:103.33,104.36 1 1
auth-service/internal/handlers/auth_handler.go:104.36,107.4 2 0
auth-service/internal/handlers/auth_handler.go:108.3,108.37 1 1
auth-service/internal/handlers/auth_handler.go:108.37,111.4 2 0
auth-service/internal/handlers/auth_handler.go:112.3,113.9 2 1
auth-service/internal/handlers/auth_handler.go:117.2,118.19 2 1
auth-service/internal/handlers/auth_handler.go:118.19,125.30 7 1
auth-service/internal/handlers/auth_handler.go:125.30,127.4 1 1
auth-service/internal/handlers/auth_handler.go:128.3,128.29 1 1
auth-service/internal/handlers/auth_handler.go:128.29,130.4 1 1
auth-service/internal/handlers/auth_handler.go:131.3,131.30 1 1
auth-service/internal/handlers/auth_handler.go:131.30,133.4 1 1
auth-service/internal/handlers/auth_handler.go:136.2,136.68 1 1
auth-service/internal/handlers/auth_handler.go:149.51,151.47 2 1
auth-service/internal/handlers/auth_handler.go:151.47,154.3 2 1
auth-service/internal/handlers/auth_handler.go:156.2,163.79 4 1
auth-service/internal/handlers/auth_handler.go:173.46,177.2 1 1
auth-service/internal/services/jwt_service.go:26.99,34.2 3 1
auth-service/internal/services/jwt_service.go:37.90,47.2 2 1
auth-service/internal/services/jwt_service.go:50.90,54.16 3 1
auth-service/internal/services/jwt_service.go:54.16,56.3 1 0
auth-service/internal/services/jwt_service.go:59.2,60.16 2 1
auth-service/internal/services/jwt_service.go:60.16,62.3 1 0
auth-service/internal/services/jwt_service.go:65.2,70.8 1 1
auth-service/internal/services/jwt_service.go:74.113,81.25 5 1
auth-service/internal/services/jwt_service.go:81.25,83.40 2 1
auth-service/internal/services/jwt_service.go:83.40,85.4 1 1
auth-service/internal/services/jwt_service.go:88.2,104.48 3 1
auth-service/internal/services/jwt_service.go:108.104,109.117 1 1
auth-service/internal/services/jwt_service.go:109.117,110.58 1 1
auth-service/internal/services/jwt_service.go:110.58,112.4 1 0
auth-service/internal/services/jwt_service.go:113.3,113.34 1 1
auth-service/internal/services/jwt_service.go:116.2,116.16 1 1
auth-service/internal/services/jwt_service.go:116.16,118.3 1 1
auth-service/internal/services/jwt_service.go:120.2,120.18 1 1
auth-service/internal/services/jwt_service.go:120.18,122.3 1 0
auth-service/internal/services/jwt_service.go:124.2,125.9 2 1
auth-service/internal/services/jwt_service.go:125.9,127.3 1 0
auth-service/internal/services/jwt_service.go:129.2,129.72 1 1
auth-service/internal/services/jwt_service.go:129.72,131.3 1 0
auth-service/internal/services/jwt_service.go:133.2,133.20 1 1
auth-service/internal/services/jwt_service.go:137.93,140.16 2 1
auth-service/internal/services/jwt_service.go:140.16,142.3 1 1
auth-service/internal/services/jwt_service.go:145.2,145.42 1 1
auth-service/internal/services/jwt_service.go:145.42,147.3 1 1
auth-service/internal/services/jwt_service.go:149.2,157.34 2 1
auth-service/internal/utils/password.go:6.52,9.2 2 1
auth-service/internal/utils/password.go:12.52,15.2 2 1
auth-service/internal/utils/response.go:11.81,19.2 2 1
auth-service/internal/utils/response.go:22.77,30.2 2 1
auth-service/internal/utils/response.go:33.81,41.2 2 1
